Info: Starting: Create block symbol file (.bsf)
Info: qsys-generate "C:\Users\bestl\Documents\Program\272_Labs\271 test bench\keyboard.qsys" --block-symbol-file --output-directory="C:\Users\bestl\Documents\Program\272_Labs\271 test bench\keyboard" --family="MAX 10" --part=10M50DAF484C7G
Progress: Loading 271 test bench/keyboard.qsys
Progress: Reading input file
Progress: Adding ps2_0 [altera_up_avalon_ps2 18.0]
Progress: Parameterizing module ps2_0
Progress: Building connections
Progress: Parameterizing connections
Progress: Validating
Progress: Done reading input file
Info: qsys-generate succeeded.
Info: Finished: Create block symbol file (.bsf)
Info: 
Info: Starting: Create HDL design files for synthesis
Info: qsys-generate "C:\Users\bestl\Documents\Program\272_Labs\271 test bench\keyboard.qsys" --synthesis=VERILOG --output-directory="C:\Users\bestl\Documents\Program\272_Labs\271 test bench\keyboard\synthesis" --family="MAX 10" --part=10M50DAF484C7G
Progress: Loading 271 test bench/keyboard.qsys
Progress: Reading input file
Progress: Adding ps2_0 [altera_up_avalon_ps2 18.0]
Progress: Parameterizing module ps2_0
Progress: Building connections
Progress: Parameterizing connections
Progress: Validating
Progress: Done reading input file
Info: keyboard: Generating keyboard "keyboard" for QUARTUS_SYNTH
Info: ps2_0: Starting Generation of PS2 Controller
Error: ps2_0: The input clock frequency must be known at generation time.
Info: ps2_0: "keyboard" instantiated altera_up_avalon_ps2 "ps2_0"
Info: keyboard: Done "keyboard" with 2 modules, 5 files
Error: qsys-generate failed with exit code 1: 1 Error, 0 Warnings
Info: Finished: Create HDL design files for synthesis
